// Jest Snapshot v1, https://goo.gl/fbAQLP

exports[`ListProductComponent match to snapshot 1`] = `
<div
  id="root1"
>
  <div
    class="container"
  >
    <header-list-product>
      <div
        class="header"
      >
        <search>
          <custom-input
            id="search"
            name="search"
            placeholder="Search..."
          >
            <div
              class="form-group"
            >
              
              <input
                class="form-input ng-untouched ng-pristine ng-valid"
                id="search"
                max="undefined"
                min="undefined"
                placeholder="Search..."
                type="text"
              />
              
            </div>
          </custom-input>
        </search>
        <custom-button>
          <button
            class="btn btn-md btn-primary"
            type="button"
          >
             Agregar

          </button>
        </custom-button>
      </div>
    </header-list-product>
    <div
      class="my-3 p-4 bg-white"
    >
      <div
        class="content-table"
      >
        <custom-table
          class="table"
        >
          <table
            class="table"
          >
            <thead>
              <tr>
                <th
                  style="min-width: 100px;"
                >
                  <div
                    class="content-column"
                    style="justify-content: center;"
                  >
                    <span
                      class="mr-2"
                    >
                      Logo
                    </span>
                    
                  </div>
                </th>
                <th
                  style="min-width: 100px;"
                >
                  <div
                    class="content-column"
                    style="justify-content: center;"
                  >
                    <span
                      class="mr-2"
                    >
                      Nombre del Producto
                    </span>
                    
                  </div>
                </th>
                <th
                  style="min-width: 100px;"
                >
                  <div
                    class="content-column"
                    style="justify-content: center;"
                  >
                    <span
                      class="mr-2"
                    >
                      Descripción
                    </span>
                    <popover
                      icon="assets/icons/informacion.png"
                    >
                      <div
                        class="content"
                      >
                        <custom-icon
                          class="popover-trigger"
                        >
                          <picture>
                            <img
                              alt="icon"
                              height="18"
                              src="assets/icons/informacion.png"
                              width="18"
                            />
                          </picture>
                        </custom-icon>
                        <div
                          class="popover-content"
                        >
                           Descripción corta del producto 
                        </div>
                      </div>
                    </popover>
                    
                  </div>
                </th>
                <th
                  style="min-width: 100px;"
                >
                  <div
                    class="content-column"
                    style="justify-content: start;"
                  >
                    <span
                      class="mr-2"
                    >
                      Fecha de liberación
                    </span>
                    <popover
                      icon="assets/icons/informacion.png"
                    >
                      <div
                        class="content"
                      >
                        <custom-icon
                          class="popover-trigger"
                        >
                          <picture>
                            <img
                              alt="icon"
                              height="18"
                              src="assets/icons/informacion.png"
                              width="18"
                            />
                          </picture>
                        </custom-icon>
                        <div
                          class="popover-content"
                        >
                           Fecha de liberación del producto 
                        </div>
                      </div>
                    </popover>
                    
                  </div>
                </th>
                <th
                  style="min-width: 100px;"
                >
                  <div
                    class="content-column"
                    style="justify-content: start;"
                  >
                    <span
                      class="mr-2"
                    >
                      Fecha de restructuración
                    </span>
                    <popover
                      icon="assets/icons/informacion.png"
                    >
                      <div
                        class="content"
                      >
                        <custom-icon
                          class="popover-trigger"
                        >
                          <picture>
                            <img
                              alt="icon"
                              height="18"
                              src="assets/icons/informacion.png"
                              width="18"
                            />
                          </picture>
                        </custom-icon>
                        <div
                          class="popover-content"
                        >
                           Fecha de restructuración del producto 1 año después de la fecha de liberación 
                        </div>
                      </div>
                    </popover>
                    
                  </div>
                </th>
                
                <th />
              </tr>
            </thead>
            <tbody>
              
              <tr>
                <td
                  class="not-data"
                  colspan="6"
                >
                  <span>
                    No hay datos registrados
                  </span>
                </td>
              </tr>
              
            </tbody>
          </table>
        </custom-table>
      </div>
      <div
        class="footer-table mt-3"
      >
        <results
          label="Resultados"
        >
          <div>
            0 Resultados
          </div>
        </results>
        <custom-select>
          <select
            class="ng-untouched ng-pristine ng-valid"
            id="itemPage"
            name="itemPage"
          >
            <option
              value="5"
            >
               5 
            </option>
            <option
              value="10"
            >
               10 
            </option>
            <option
              value="20"
            >
               20 
            </option>
            
          </select>
        </custom-select>
      </div>
    </div>
  </div>
  <custom-modal>
    
  </custom-modal>
</div>
`;
